screens/CameraScreen.tsx(95,41): error TS2551: Property 'mainButton' does not exist on type '{ container: { flex: number; backgroundColor: string; }; centered: { flex: number; justifyContent: "center"; alignItems: "center"; padding: number; backgroundColor: string; }; header: { flexDirection: "row"; ... 7 more ...; zIndex: number; }; ... 27 more ...; message: { ...; }; }'. Did you mean 'actionButton'?
screens/CameraScreen.tsx(96,31): error TS2339: Property 'buttonText' does not exist on type '{ container: { flex: number; backgroundColor: string; }; centered: { flex: number; justifyContent: "center"; alignItems: "center"; padding: number; backgroundColor: string; }; header: { flexDirection: "row"; ... 7 more ...; zIndex: number; }; ... 27 more ...; message: { ...; }; }'.
screens/CameraScreen.tsx(163,48): error TS2769: No overload matches this call.
  Overload 1 of 2, '(props: ScrollViewProps): ScrollView', gave the following error.
    Type '{ children: (false | Element | null)[]; style: { backgroundColor: string; borderWidth: number; borderColor: string; borderRadius: number; padding: number; marginTop: number; elevation: number; }; automaticallyAdjustScreenInsets: boolean; }' is not assignable to type 'IntrinsicAttributes & IntrinsicClassAttributes<ScrollView> & Readonly<ScrollViewProps>'.
      Property 'automaticallyAdjustScreenInsets' does not exist on type 'IntrinsicAttributes & IntrinsicClassAttributes<ScrollView> & Readonly<ScrollViewProps>'. Did you mean 'automaticallyAdjustContentInsets'?
  Overload 2 of 2, '(props: ScrollViewProps, context: any): ScrollView', gave the following error.
    Type '{ children: (false | Element | null)[]; style: { backgroundColor: string; borderWidth: number; borderColor: string; borderRadius: number; padding: number; marginTop: number; elevation: number; }; automaticallyAdjustScreenInsets: boolean; }' is not assignable to type 'IntrinsicAttributes & IntrinsicClassAttributes<ScrollView> & Readonly<ScrollViewProps>'.
      Property 'automaticallyAdjustScreenInsets' does not exist on type 'IntrinsicAttributes & IntrinsicClassAttributes<ScrollView> & Readonly<ScrollViewProps>'. Did you mean 'automaticallyAdjustContentInsets'?
